FELC0_SX306 /home/sky/kaldi/egs/timit/s5/mfcc/raw_mfcc_test.1.ark:54160
MLLL0_SX103 /home/sky/kaldi/egs/timit/s5/mfcc/raw_mfcc_test.7.ark:58877
MCMJ0_SX374 /home/sky/kaldi/egs/timit/s5/mfcc/raw_mfcc_test.5.ark:4868
MTAS1_SX208 /home/sky/kaldi/egs/timit/s5/mfcc/raw_mfcc_test.9.ark:38304
MJLN0_SX9 /home/sky/kaldi/egs/timit/s5/mfcc/raw_mfcc_test.6.ark:52270
MTLS0_SI1370 /home/sky/kaldi/egs/timit/s5/mfcc/raw_mfcc_test.9.ark:55921
FJLM0_SI1043 /home/sky/kaldi/egs/timit/s5/mfcc/raw_mfcc_test.1.ark:67285
MWEW0_SX101 /home/sky/kaldi/egs/timit/s5/mfcc/raw_mfcc_test.10.ark:57833
FMLD0_SX205 /home/sky/kaldi/egs/timit/s5/mfcc/raw_mfcc_test.2.ark:67491
MLLL0_SX13 /home/sky/kaldi/egs/timit/s5/mfcc/raw_mfcc_test.7.ark:62029
MJDH0_SX274 /home/sky/kaldi/egs/timit/s5/mfcc/raw_mfcc_test.6.ark:8198
MWEW0_SX11 /home/sky/kaldi/egs/timit/s5/mfcc/raw_mfcc_test.10.ark:63065
MNJM0_SI950 /home/sky/kaldi/egs/timit/s5/mfcc/raw_mfcc_test.8.ark:44396
MWEW0_SX281 /home/sky/kaldi/egs/timit/s5/mfcc/raw_mfcc_test.10.ark:68760
FELC0_SI756 /home/sky/kaldi/egs/timit/s5/mfcc/raw_mfcc_test.1.ark:41737
MJMP0_SI905 /home/sky/kaldi/egs/timit/s5/mfcc/raw_mfcc_test.6.ark:69199
MWBT0_SX293 /home/sky/kaldi/egs/timit/s5/mfcc/raw_mfcc_test.10.ark:36346
FDHC0_SX299 /home/sky/kaldi/egs/timit/s5/mfcc/raw_mfcc_test.1.ark:22324
MPAM0_SX19 /home/sky/kaldi/egs/timit/s5/mfcc/raw_mfcc_test.9.ark:9802
MWBT0_SX383 /home/sky/kaldi/egs/timit/s5/mfcc/raw_mfcc_test.10.ark:41163
MCMJ0_SX104 /home/sky/kaldi/egs/timit/s5/mfcc/raw_mfcc_test.4.ark:61743
MJLN0_SX189 /home/sky/kaldi/egs/timit/s5/mfcc/raw_mfcc_test.6.ark:39654
MTAS1_SI2098 /home/sky/kaldi/egs/timit/s5/mfcc/raw_mfcc_test.9.ark:26726
MTAS1_SX28 /home/sky/kaldi/egs/timit/s5/mfcc/raw_mfcc_test.9.ark:42977
MTLS0_SX200 /home/sky/kaldi/egs/timit/s5/mfcc/raw_mfcc_test.10.ark:12
MTLS0_SX20 /home/sky/kaldi/egs/timit/s5/mfcc/raw_mfcc_test.9.ark:72680
MLLL0_SI1993 /home/sky/kaldi/egs/timit/s5/mfcc/raw_mfcc_test.7.ark:49776
MTLS0_SI2000 /home/sky/kaldi/egs/timit/s5/mfcc/raw_mfcc_test.9.ark:61363
FNLP0_SX228 /home/sky/kaldi/egs/timit/s5/mfcc/raw_mfcc_test.3.ark:19555
FJLM0_SX233 /home/sky/kaldi/egs/timit/s5/mfcc/raw_mfcc_test.2.ark:12
MBPM0_SX47 /home/sky/kaldi/egs/timit/s5/mfcc/raw_mfcc_test.4.ark:43488
MLNT0_SI1574 /home/sky/kaldi/egs/timit/s5/mfcc/raw_mfcc_test.8.ark:3764
FNLP0_SX48 /home/sky/kaldi/egs/timit/s5/mfcc/raw_mfcc_test.3.ark:31743
MTLS0_SX290 /home/sky/kaldi/egs/timit/s5/mfcc/raw_mfcc_test.10.ark:3425
MCMJ0_SI1094 /home/sky/kaldi/egs/timit/s5/mfcc/raw_mfcc_test.4.ark:46408
MBPM0_SI1584 /home/sky/kaldi/egs/timit/s5/mfcc/raw_mfcc_test.4.ark:20385
MWEW0_SX191 /home/sky/kaldi/egs/timit/s5/mfcc/raw_mfcc_test.10.ark:65360
MPAM0_SX289 /home/sky/kaldi/egs/timit/s5/mfcc/raw_mfcc_test.9.ark:17681
FNLP0_SI1938 /home/sky/kaldi/egs/timit/s5/mfcc/raw_mfcc_test.3.ark:7639
MKLT0_SX223 /home/sky/kaldi/egs/timit/s5/mfcc/raw_mfcc_test.7.ark:29486
FMLD0_SX25 /home/sky/kaldi/egs/timit/s5/mfcc/raw_mfcc_test.2.ark:71592
MWBT0_SI1553 /home/sky/kaldi/egs/timit/s5/mfcc/raw_mfcc_test.10.ark:10668
MTAS1_SX298 /home/sky/kaldi/egs/timit/s5/mfcc/raw_mfcc_test.9.ark:46312
FPAS0_SX134 /home/sky/kaldi/egs/timit/s5/mfcc/raw_mfcc_test.3.ark:47243
MKLT0_SI1213 /home/sky/kaldi/egs/timit/s5/mfcc/raw_mfcc_test.7.ark:15209
FPAS0_SX44 /home/sky/kaldi/egs/timit/s5/mfcc/raw_mfcc_test.3.ark:61037
FDHC0_SI2189 /home/sky/kaldi/egs/timit/s5/mfcc/raw_mfcc_test.1.ark:4545
MJDH0_SI724 /home/sky/kaldi/egs/timit/s5/mfcc/raw_mfcc_test.6.ark:1853
MTAS1_SI838 /home/sky/kaldi/egs/timit/s5/mfcc/raw_mfcc_test.9.ark:30971
MGRT0_SX280 /home/sky/kaldi/egs/timit/s5/mfcc/raw_mfcc_test.5.ark:68299
MNJM0_SI1580 /home/sky/kaldi/egs/timit/s5/mfcc/raw_mfcc_test.8.ark:37621
MJMP0_SX95 /home/sky/kaldi/egs/timit/s5/mfcc/raw_mfcc_test.7.ark:11080
MJLN0_SX369 /home/sky/kaldi/egs/timit/s5/mfcc/raw_mfcc_test.6.ark:48404
MLNT0_SX102 /home/sky/kaldi/egs/timit/s5/mfcc/raw_mfcc_test.8.ark:18060
FMLD0_SI2185 /home/sky/kaldi/egs/timit/s5/mfcc/raw_mfcc_test.2.ark:51785
MBPM0_SX227 /home/sky/kaldi/egs/timit/s5/mfcc/raw_mfcc_test.4.ark:34511
FMGD0_SX394 /home/sky/kaldi/egs/timit/s5/mfcc/raw_mfcc_test.2.ark:48605
MKLT0_SI1843 /home/sky/kaldi/egs/timit/s5/mfcc/raw_mfcc_test.7.ark:18545
MJMP0_SI1535 /home/sky/kaldi/egs/timit/s5/mfcc/raw_mfcc_test.6.ark:59837
MDAB0_SX319 /home/sky/kaldi/egs/timit/s5/mfcc/raw_mfcc_test.5.ark:24413
MKLT0_SI583 /home/sky/kaldi/egs/timit/s5/mfcc/raw_mfcc_test.7.ark:22868
FJLM0_SX323 /home/sky/kaldi/egs/timit/s5/mfcc/raw_mfcc_test.2.ark:3399
MDAB0_SX409 /home/sky/kaldi/egs/timit/s5/mfcc/raw_mfcc_test.5.ark:27696
MBPM0_SI947 /home/sky/kaldi/egs/timit/s5/mfcc/raw_mfcc_test.4.ark:25436
MWBT0_SI923 /home/sky/kaldi/egs/timit/s5/mfcc/raw_mfcc_test.10.ark:19536
MKLT0_SX43 /home/sky/kaldi/egs/timit/s5/mfcc/raw_mfcc_test.7.ark:40439
MLLL0_SI1363 /home/sky/kaldi/egs/timit/s5/mfcc/raw_mfcc_test.7.ark:43177
MNJM0_SI2210 /home/sky/kaldi/egs/timit/s5/mfcc/raw_mfcc_test.8.ark:41633
FELC0_SX396 /home/sky/kaldi/egs/timit/s5/mfcc/raw_mfcc_test.1.ark:62207
FMGD0_SX214 /home/sky/kaldi/egs/timit/s5/mfcc/raw_mfcc_test.2.ark:37626
MDAB0_SI1669 /home/sky/kaldi/egs/timit/s5/mfcc/raw_mfcc_test.5.ark:13139
MJLN0_SI1449 /home/sky/kaldi/egs/timit/s5/mfcc/raw_mfcc_test.6.ark:25033
MJMP0_SX365 /home/sky/kaldi/egs/timit/s5/mfcc/raw_mfcc_test.7.ark:3724
FJLM0_SX413 /home/sky/kaldi/egs/timit/s5/mfcc/raw_mfcc_test.2.ark:7202
MWBT0_SX203 /home/sky/kaldi/egs/timit/s5/mfcc/raw_mfcc_test.10.ark:27935
MNJM0_SX320 /home/sky/kaldi/egs/timit/s5/mfcc/raw_mfcc_test.8.ark:60225
FNLP0_SI678 /home/sky/kaldi/egs/timit/s5/mfcc/raw_mfcc_test.3.ark:11962
MTAS1_SI1473 /home/sky/kaldi/egs/timit/s5/mfcc/raw_mfcc_test.9.ark:24703
FMLD0_SI925 /home/sky/kaldi/egs/timit/s5/mfcc/raw_mfcc_test.2.ark:61406
MBPM0_SX407 /home/sky/kaldi/egs/timit/s5/mfcc/raw_mfcc_test.4.ark:40063
FPKT0_SX8 /home/sky/kaldi/egs/timit/s5/mfcc/raw_mfcc_test.4.ark:11419
FPKT0_SI2168 /home/sky/kaldi/egs/timit/s5/mfcc/raw_mfcc_test.3.ark:68255
FMGD0_SX124 /home/sky/kaldi/egs/timit/s5/mfcc/raw_mfcc_test.2.ark:32640
FPAS0_SI944 /home/sky/kaldi/egs/timit/s5/mfcc/raw_mfcc_test.3.ark:44064
FDHC0_SX209 /home/sky/kaldi/egs/timit/s5/mfcc/raw_mfcc_test.1.ark:15460
FPKT0_SI908 /home/sky/kaldi/egs/timit/s5/mfcc/raw_mfcc_test.3.ark:70940
MKLT0_SX313 /home/sky/kaldi/egs/timit/s5/mfcc/raw_mfcc_test.7.ark:32457
MPAM0_SX379 /home/sky/kaldi/egs/timit/s5/mfcc/raw_mfcc_test.9.ark:21315
MGRT0_SX100 /home/sky/kaldi/egs/timit/s5/mfcc/raw_mfcc_test.5.ark:57911
FPAS0_SX404 /home/sky/kaldi/egs/timit/s5/mfcc/raw_mfcc_test.3.ark:57313
MJMP0_SX275 /home/sky/kaldi/egs/timit/s5/mfcc/raw_mfcc_test.7.ark:12
FPAS0_SX224 /home/sky/kaldi/egs/timit/s5/mfcc/raw_mfcc_test.3.ark:51176
MLNT0_SI1902 /home/sky/kaldi/egs/timit/s5/mfcc/raw_mfcc_test.8.ark:10090
MLNT0_SX192 /home/sky/kaldi/egs/timit/s5/mfcc/raw_mfcc_test.8.ark:26068
FMGD0_SX304 /home/sky/kaldi/egs/timit/s5/mfcc/raw_mfcc_test.2.ark:41676
MNJM0_SX230 /home/sky/kaldi/egs/timit/s5/mfcc/raw_mfcc_test.8.ark:55499
FMLD0_SX385 /home/sky/kaldi/egs/timit/s5/mfcc/raw_mfcc_test.2.ark:78327
FDHC0_SX29 /home/sky/kaldi/egs/timit/s5/mfcc/raw_mfcc_test.1.ark:18911
FPKT0_SX368 /home/sky/kaldi/egs/timit/s5/mfcc/raw_mfcc_test.4.ark:7293
MLNT0_SI642 /home/sky/kaldi/egs/timit/s5/mfcc/raw_mfcc_test.8.ark:12632
MLNT0_SX12 /home/sky/kaldi/egs/timit/s5/mfcc/raw_mfcc_test.8.ark:22941
FELC0_SI2016 /home/sky/kaldi/egs/timit/s5/mfcc/raw_mfcc_test.1.ark:37206
FJLM0_SI1673 /home/sky/kaldi/egs/timit/s5/mfcc/raw_mfcc_test.1.ark:71843
MGRT0_SX10 /home/sky/kaldi/egs/timit/s5/mfcc/raw_mfcc_test.5.ark:53887
FJLM0_SX143 /home/sky/kaldi/egs/timit/s5/mfcc/raw_mfcc_test.1.ark:81452
FNLP0_SX138 /home/sky/kaldi/egs/timit/s5/mfcc/raw_mfcc_test.3.ark:14738
MDAB0_SX49 /home/sky/kaldi/egs/timit/s5/mfcc/raw_mfcc_test.5.ark:31550
MCMJ0_SX14 /home/sky/kaldi/egs/timit/s5/mfcc/raw_mfcc_test.4.ark:64427
MWEW0_SI731 /home/sky/kaldi/egs/timit/s5/mfcc/raw_mfcc_test.10.ark:55122
MPAM0_SI1961 /home/sky/kaldi/egs/timit/s5/mfcc/raw_mfcc_test.9.ark:13
MBPM0_SI1577 /home/sky/kaldi/egs/timit/s5/mfcc/raw_mfcc_test.4.ark:17712
MTLS0_SI740 /home/sky/kaldi/egs/timit/s5/mfcc/raw_mfcc_test.9.ark:65205
MDAB0_SX139 /home/sky/kaldi/egs/timit/s5/mfcc/raw_mfcc_test.5.ark:19420
MLLL0_SX283 /home/sky/kaldi/egs/timit/s5/mfcc/raw_mfcc_test.7.ark:70337
MNJM0_SX50 /home/sky/kaldi/egs/timit/s5/mfcc/raw_mfcc_test.8.ark:68974
MLNT0_SX372 /home/sky/kaldi/egs/timit/s5/mfcc/raw_mfcc_test.8.ark:33466
MGRT0_SX370 /home/sky/kaldi/egs/timit/s5/mfcc/raw_mfcc_test.5.ark:70984
MGRT0_SI2080 /home/sky/kaldi/egs/timit/s5/mfcc/raw_mfcc_test.5.ark:42707
FPKT0_SX188 /home/sky/kaldi/egs/timit/s5/mfcc/raw_mfcc_test.4.ark:12
MGRT0_SI1450 /home/sky/kaldi/egs/timit/s5/mfcc/raw_mfcc_test.5.ark:34522
FMLD0_SX295 /home/sky/kaldi/egs/timit/s5/mfcc/raw_mfcc_test.2.ark:74186
MKLT0_SX403 /home/sky/kaldi/egs/timit/s5/mfcc/raw_mfcc_test.7.ark:36754
MNJM0_SX410 /home/sky/kaldi/egs/timit/s5/mfcc/raw_mfcc_test.8.ark:65289
MGRT0_SX190 /home/sky/kaldi/egs/timit/s5/mfcc/raw_mfcc_test.5.ark:64431
MCMJ0_SX194 /home/sky/kaldi/egs/timit/s5/mfcc/raw_mfcc_test.4.ark:68360
FDHC0_SI1559 /home/sky/kaldi/egs/timit/s5/mfcc/raw_mfcc_test.1.ark:13
FDHC0_SX119 /home/sky/kaldi/egs/timit/s5/mfcc/raw_mfcc_test.1.ark:11410
MDAB0_SI1039 /home/sky/kaldi/egs/timit/s5/mfcc/raw_mfcc_test.5.ark:7905
FELC0_SI1386 /home/sky/kaldi/egs/timit/s5/mfcc/raw_mfcc_test.1.ark:29918
FNLP0_SI1308 /home/sky/kaldi/egs/timit/s5/mfcc/raw_mfcc_test.3.ark:13
MJMP0_SX185 /home/sky/kaldi/egs/timit/s5/mfcc/raw_mfcc_test.6.ark:72807
MJDH0_SX4 /home/sky/kaldi/egs/timit/s5/mfcc/raw_mfcc_test.6.ark:18246
FELC0_SX126 /home/sky/kaldi/egs/timit/s5/mfcc/raw_mfcc_test.1.ark:47295
MBPM0_SX137 /home/sky/kaldi/egs/timit/s5/mfcc/raw_mfcc_test.4.ark:29564
FNLP0_SX318 /home/sky/kaldi/egs/timit/s5/mfcc/raw_mfcc_test.3.ark:22643
FMGD0_SI934 /home/sky/kaldi/egs/timit/s5/mfcc/raw_mfcc_test.2.ark:28005
MJMP0_SI1791 /home/sky/kaldi/egs/timit/s5/mfcc/raw_mfcc_test.6.ark:63004
MJLN0_SI2079 /home/sky/kaldi/egs/timit/s5/mfcc/raw_mfcc_test.6.ark:30774
MWEW0_SX371 /home/sky/kaldi/egs/timit/s5/mfcc/raw_mfcc_test.10.ark:73213
FJLM0_SI2303 /home/sky/kaldi/egs/timit/s5/mfcc/raw_mfcc_test.1.ark:76063
MPAM0_SI1819 /home/sky/kaldi/egs/timit/s5/mfcc/raw_mfcc_test.8.ark:76933
FDHC0_SX389 /home/sky/kaldi/egs/timit/s5/mfcc/raw_mfcc_test.1.ark:26608
FPAS0_SI1272 /home/sky/kaldi/egs/timit/s5/mfcc/raw_mfcc_test.3.ark:36405
MTLS0_SX380 /home/sky/kaldi/egs/timit/s5/mfcc/raw_mfcc_test.10.ark:7683
FMLD0_SX115 /home/sky/kaldi/egs/timit/s5/mfcc/raw_mfcc_test.2.ark:64273
MCMJ0_SI464 /home/sky/kaldi/egs/timit/s5/mfcc/raw_mfcc_test.4.ark:51407
MJDH0_SX94 /home/sky/kaldi/egs/timit/s5/mfcc/raw_mfcc_test.6.ark:21372
FMLD0_SI822 /home/sky/kaldi/egs/timit/s5/mfcc/raw_mfcc_test.2.ark:56550
MJDH0_SI1354 /home/sky/kaldi/egs/timit/s5/mfcc/raw_mfcc_test.5.ark:75464
MJLN0_SI819 /home/sky/kaldi/egs/timit/s5/mfcc/raw_mfcc_test.6.ark:33641
FMGD0_SX34 /home/sky/kaldi/egs/timit/s5/mfcc/raw_mfcc_test.2.ark:45426
MJLN0_SX279 /home/sky/kaldi/egs/timit/s5/mfcc/raw_mfcc_test.6.ark:43626
MCMJ0_SX284 /home/sky/kaldi/egs/timit/s5/mfcc/raw_mfcc_test.5.ark:12
MPAM0_SX199 /home/sky/kaldi/egs/timit/s5/mfcc/raw_mfcc_test.9.ark:12994
FMGD0_SI2194 /home/sky/kaldi/egs/timit/s5/mfcc/raw_mfcc_test.2.ark:21758
FMGD0_SI1564 /home/sky/kaldi/egs/timit/s5/mfcc/raw_mfcc_test.2.ark:15874
MTAS1_SX118 /home/sky/kaldi/egs/timit/s5/mfcc/raw_mfcc_test.9.ark:34527
FNLP0_SX408 /home/sky/kaldi/egs/timit/s5/mfcc/raw_mfcc_test.3.ark:27603
FPKT0_SX98 /home/sky/kaldi/egs/timit/s5/mfcc/raw_mfcc_test.4.ark:15195
MWBT0_SI2183 /home/sky/kaldi/egs/timit/s5/mfcc/raw_mfcc_test.10.ark:16968
MCMJ0_SI602 /home/sky/kaldi/egs/timit/s5/mfcc/raw_mfcc_test.4.ark:56575
FPAS0_SX314 /home/sky/kaldi/egs/timit/s5/mfcc/raw_mfcc_test.3.ark:53380
MLLL0_SX373 /home/sky/kaldi/egs/timit/s5/mfcc/raw_mfcc_test.8.ark:12
MPAM0_SX109 /home/sky/kaldi/egs/timit/s5/mfcc/raw_mfcc_test.9.ark:5870
MPAM0_SI1189 /home/sky/kaldi/egs/timit/s5/mfcc/raw_mfcc_test.8.ark:73506
FPAS0_SI2204 /home/sky/kaldi/egs/timit/s5/mfcc/raw_mfcc_test.3.ark:38935
MTAS1_SX388 /home/sky/kaldi/egs/timit/s5/mfcc/raw_mfcc_test.9.ark:50557
MWBT0_SX113 /home/sky/kaldi/egs/timit/s5/mfcc/raw_mfcc_test.10.ark:23495
MJLN0_SX99 /home/sky/kaldi/egs/timit/s5/mfcc/raw_mfcc_test.6.ark:55617
MJDH0_SX364 /home/sky/kaldi/egs/timit/s5/mfcc/raw_mfcc_test.6.ark:12391
MKLT0_SX133 /home/sky/kaldi/egs/timit/s5/mfcc/raw_mfcc_test.7.ark:25943
MNJM0_SX140 /home/sky/kaldi/egs/timit/s5/mfcc/raw_mfcc_test.8.ark:51618
FELC0_SX216 /home/sky/kaldi/egs/timit/s5/mfcc/raw_mfcc_test.1.ark:51189
FDHC0_SI929 /home/sky/kaldi/egs/timit/s5/mfcc/raw_mfcc_test.1.ark:7581
MDAB0_SX229 /home/sky/kaldi/egs/timit/s5/mfcc/raw_mfcc_test.5.ark:22599
MBPM0_SX317 /home/sky/kaldi/egs/timit/s5/mfcc/raw_mfcc_test.4.ark:36923
MGRT0_SI820 /home/sky/kaldi/egs/timit/s5/mfcc/raw_mfcc_test.5.ark:45821
MJDH0_SX184 /home/sky/kaldi/egs/timit/s5/mfcc/raw_mfcc_test.6.ark:5305
FPKT0_SI1538 /home/sky/kaldi/egs/timit/s5/mfcc/raw_mfcc_test.3.ark:64074
MWBT0_SX23 /home/sky/kaldi/egs/timit/s5/mfcc/raw_mfcc_test.10.ark:32114
MLLL0_SX193 /home/sky/kaldi/egs/timit/s5/mfcc/raw_mfcc_test.7.ark:65689
MTLS0_SX110 /home/sky/kaldi/egs/timit/s5/mfcc/raw_mfcc_test.9.ark:68150
FELC0_SX36 /home/sky/kaldi/egs/timit/s5/mfcc/raw_mfcc_test.1.ark:57520
MDAB0_SI2299 /home/sky/kaldi/egs/timit/s5/mfcc/raw_mfcc_test.5.ark:15929
MLLL0_SI733 /home/sky/kaldi/egs/timit/s5/mfcc/raw_mfcc_test.7.ark:53111
MWEW0_SI1361 /home/sky/kaldi/egs/timit/s5/mfcc/raw_mfcc_test.10.ark:46345
FJLM0_SX53 /home/sky/kaldi/egs/timit/s5/mfcc/raw_mfcc_test.2.ark:11732
MJMP0_SX5 /home/sky/kaldi/egs/timit/s5/mfcc/raw_mfcc_test.7.ark:8890
MLNT0_SX282 /home/sky/kaldi/egs/timit/s5/mfcc/raw_mfcc_test.8.ark:29208
MWEW0_SI1991 /home/sky/kaldi/egs/timit/s5/mfcc/raw_mfcc_test.10.ark:49772
MJDH0_SI1984 /home/sky/kaldi/egs/timit/s5/mfcc/raw_mfcc_test.6.ark:13
FPKT0_SX278 /home/sky/kaldi/egs/timit/s5/mfcc/raw_mfcc_test.4.ark:3009
